draw.io
Font Character Map
Snipaste
NuGet Package Explorer
WhatsApp Desktop
BeWidgets
Chrome Remote Desktop
Character Map UWP
Ditto Clipboard
Brave
Bullzip PDF Printer
CCleaner
CPUID CPU-Z MSI
CPUID HWMonitor Pro 1.46
CrystalDiskInfo
CrystalDiskMark
Duplicate Cleaner Free
Everything
FastStone Image Viewer
FileZilla Client
FileZilla Server
GlassWire
Google Chrome
KMPlayer 64X (remove only)
LastPass for Windows Desktop
LockHunter
App Installer
Power Apps
Office
OneDrive
PowerShell
Microsoft Remote Desktop
Snipping Tool
Sysinternals Suite
Windows Terminal
Notepad++
Microsoft OneDrive
Opera Stable
RaiDrive
Skype
Speccy
Tailscale
TeamViewer
Total Commander
VirusTotal Uploader
Vivaldi
WhatsApp
WizTree
Google Keep
Gmail
Chrome
Total Commander
TotalCmd-FTP (File Transfers)
TotalCmd-SFTP
Totalcmd-Windows Live OneDrive
KMPlayer
Opera
JuiceSSH
Termux
inSSIDer
F-Droid
Reddit
Google Drive
Chrome Remote Desktop Host
WingetUI Store
LastPass
Adobe Acrobat DC (64-bit)
Joe's Own Editor for Windows
GNU Midnight Commander
paint.net
Wireshark
Windows Subsystem for Linux Update
